gcc -g p2original.c
 ./a.out
Enter the number you want to add 
1
Enter the number you want to add 
2
Sum of 1 and 2 is 3 
 gdb a.out
GNU gdb (Ubuntu 8.1.1-0ubuntu1) 8.1.1
Copyright (C) 2018 Free Software Foundation, Inc.
License GPLv3+: GNU GPL version 3 or later <http://gnu.org/licenses/gpl.html>
This is free software: you are free to change and redistribute it.
There is NO WARRANTY, to the extent permitted by law.  Type "show copying"
and "show warranty" for details.
This GDB was configured as "x86_64-linux-gnu".
Type "show configuration" for configuration details.
For bug reporting instructions, please see:
<http://www.gnu.org/software/gdb/bugs/>.
Find the GDB manual and other documentation resources online at:
<http://www.gnu.org/software/gdb/documentation/>.
For help, type "help".
Type "apropos word" to search for commands related to "word"...
Reading symbols from a.out...done.
(gdb) b main
Breakpoint 1 at 0x80a: file p2original.c, line 27.
(gdb) r
Starting program: /home/runner/PPS1-2/a.out 
warning: Error disabling address space randomization: Operation not permitted

Breakpoint 1, main () at p2original.c:27
27    int a=input();
(gdb) s
input () at p2original.c:8
8   {
(gdb) n
10    printf("Enter the number you want to add \n");
(gdb) n
Enter the number you want to add 
11    scanf("\n %d",&a);
(gdb) n
1
12    return a;
(gdb) n
13  }
(gdb) n
main () at p2original.c:28
28    int b=input();
(gdb) s
input () at p2original.c:8
8   {
(gdb) n
10    printf("Enter the number you want to add \n");
(gdb) n
Enter the number you want to add 
11    scanf("\n %d",&a);
(gdb) n
2
12    return a;
(gdb) n
13  }
(gdb) n
main () at p2original.c:29
29    int sum=0;
(gdb) n
30    sum=add(a,b);
(gdb) s
add (a=1, b=2) at p2original.c:17
17     return a+b;
(gdb) n
18  }
(gdb) n
main () at p2original.c:31
31    output(a,b,sum);
(gdb) s
output (a=1, b=2, sum=3) at p2original.c:22
22    printf("Sum of %d and %d is %d \n",a,b,sum);
(gdb) n
Sum of 1 and 2 is 3 
23  }
(gdb) n
main () at p2original.c:32
32    return 0;
(gdb) n
33  }
(gdb) n
__libc_start_main (main=0x555af1200802 <main>, argc=1, argv=0x7ffe840d7368, 
    init=<optimized out>, fini=<optimized out>, rtld_fini=<optimized out>, 
    stack_end=0x7ffe840d7358) at ../csu/libc-start.c:344
344 ../csu/libc-start.c: No such file or directory.
(gdb) c
Continuing.
[Inferior 1 (process 310) exited normally]
(gdb) 